{
  "version": "1.5.0",
  "plugins_used": [
    {
      "name": "ArtifactoryDetector"
    },
    {
      "name": "AWSKeyDetector"
    },
    {
      "name": "AzureStorageKeyDetector"
    },
    {
      "name": "Base64HighEntropyString",
      "limit": 4.5
    },
    {
      "name": "BasicAuthDetector"
    },
    {
      "name": "CloudantDetector"
    },
    {
      "name": "DiscordBotTokenDetector"
    },
    {
      "name": "GitHubTokenDetector"
    },
    {
      "name": "GitLabTokenDetector"
    },
    {
      "name": "HexHighEntropyString",
      "limit": 3.0
    },
    {
      "name": "IbmCloudIamDetector"
    },
    {
      "name": "IbmCosHmacDetector"
    },
    {
      "name": "IPPublicDetector"
    },
    {
      "name": "JwtTokenDetector"
    },
    {
      "name": "KeywordDetector",
      "keyword_exclude": ""
    },
    {
      "name": "MailchimpDetector"
    },
    {
      "name": "NpmDetector"
    },
    {
      "name": "OpenAIDetector"
    },
    {
      "name": "PrivateKeyDetector"
    },
    {
      "name": "PypiTokenDetector"
    },
    {
      "name": "SendGridDetector"
    },
    {
      "name": "SlackDetector"
    },
    {
      "name": "SoftlayerDetector"
    },
    {
      "name": "SquareOAuthDetector"
    },
    {
      "name": "StripeDetector"
    },
    {
      "name": "TelegramBotTokenDetector"
    },
    {
      "name": "TwilioKeyDetector"
    }
  ],
  "filters_used": [
    {
      "path": "detect_secrets.filters.allowlist.is_line_allowlisted"
    },
    {
      "path": "detect_secrets.filters.common.is_baseline_file",
      "filename": ".secrets.baseline"
    },
    {
      "path": "detect_secrets.filters.common.is_ignored_due_to_verification_policies",
      "min_level": 2
    },
    {
      "path": "detect_secrets.filters.heuristic.is_indirect_reference"
    },
    {
      "path": "detect_secrets.filters.heuristic.is_likely_id_string"
    },
    {
      "path": "detect_secrets.filters.heuristic.is_lock_file"
    },
    {
      "path": "detect_secrets.filters.heuristic.is_not_alphanumeric_string"
    },
    {
      "path": "detect_secrets.filters.heuristic.is_potential_uuid"
    },
    {
      "path": "detect_secrets.filters.heuristic.is_prefixed_with_dollar_sign"
    },
    {
      "path": "detect_secrets.filters.heuristic.is_sequential_string"
    },
    {
      "path": "detect_secrets.filters.heuristic.is_swagger_file"
    },
    {
      "path": "detect_secrets.filters.heuristic.is_templated_secret"
    },
    {
      "path": "detect_secrets.filters.regex.should_exclude_file",
      "pattern": [
        "\\.venv/|\\.egg-info/|__pycache__/|\\.pytest_cache/"
      ]
    }
  ],
  "results": {
    ".github/workflows/iac-tests.yml": [
      {
        "type": "Secret Keyword",
        "filename": ".github/workflows/iac-tests.yml",
        "hashed_secret": "a94a8fe5ccb19ba61c4c0873d391e987982fbbd3",
        "is_verified": false,
        "line_number": 160
      }
    ],
    ".github/workflows/integration.yml": [
      {
        "type": "Secret Keyword",
        "filename": ".github/workflows/integration.yml",
        "hashed_secret": "c7d50673f53aaf8de59299831a08edada37c6107",
        "is_verified": false,
        "line_number": 304
      }
    ],
    "AGENTS.md": [
      {
        "type": "Basic Auth Credentials",
        "filename": "AGENTS.md",
        "hashed_secret": "9d4e1e23bd5b727046a9e3b4b7db57bd8d6ee684",
        "is_verified": false,
        "line_number": 551
      }
    ],
    "Jenkinsfile": [
      {
        "type": "Secret Keyword",
        "filename": "Jenkinsfile",
        "hashed_secret": "63505a4f4dd036b4f5a5e962c47c75784089f2fd",
        "is_verified": false,
        "line_number": 177
      }
    ],
    "examples/bitcoin-price-api-imperative-part-a/README-GCP.md": [
      {
        "type": "Secret Keyword",
        "filename": "examples/bitcoin-price-api-imperative-part-a/README-GCP.md",
        "hashed_secret": "ce3a9b136ed6290aa9a761b6d9e50edf4e7f42eb",
        "is_verified": false,
        "line_number": 293
      }
    ],
    "examples/bitcoin-price-api-imperative-part-a/README.md": [
      {
        "type": "Secret Keyword",
        "filename": "examples/bitcoin-price-api-imperative-part-a/README.md",
        "hashed_secret": "ce3a9b136ed6290aa9a761b6d9e50edf4e7f42eb",
        "is_verified": false,
        "line_number": 319
      }
    ],
    "examples/mcp-output-port-docker/docker-compose.yml": [
      {
        "type": "Secret Keyword",
        "filename": "examples/mcp-output-port-docker/docker-compose.yml",
        "hashed_secret": "c7d50673f53aaf8de59299831a08edada37c6107",
        "is_verified": false,
        "line_number": 19
      }
    ],
    "examples/mcp-output-port-docker/seed.sql": [
      {
        "type": "Secret Keyword",
        "filename": "examples/mcp-output-port-docker/seed.sql",
        "hashed_secret": "b28aed5b25a9982c103e12f3349963a9b38a7edc",
        "is_verified": false,
        "line_number": 40
      }
    ],
    "examples/snowflake/smoke/README.md": [
      {
        "type": "Secret Keyword",
        "filename": "examples/snowflake/smoke/README.md",
        "hashed_secret": "45d676e7c6ab44cf4b8fa366ef2d8fccd3e6d6e6",
        "is_verified": false,
        "line_number": 18
      }
    ],
    "examples/source-aligned-postgres-duckdb/docker-compose.yml": [
      {
        "type": "Secret Keyword",
        "filename": "examples/source-aligned-postgres-duckdb/docker-compose.yml",
        "hashed_secret": "41100f98c6aecfee281f4708c83b5db9a0169b3b",
        "is_verified": false,
        "line_number": 9
      }
    ],
    "fluid_build/build_runners/_acquisition_common.py": [
      {
        "type": "Base64 High Entropy String",
        "filename": "fluid_build/build_runners/_acquisition_common.py",
        "hashed_secret": "3ea6cf17f95e272933a3b927317b7210d1bac5d5",
        "is_verified": false,
        "line_number": 59
      },
      {
        "type": "Secret Keyword",
        "filename": "fluid_build/build_runners/_acquisition_common.py",
        "hashed_secret": "fef341f85d87439e7d91a2d465b9871ef66b5e98",
        "is_verified": false,
        "line_number": 482
      },
      {
        "type": "Secret Keyword",
        "filename": "fluid_build/build_runners/_acquisition_common.py",
        "hashed_secret": "0c87bed4927509bf93be6f005081eddfdaf53688",
        "is_verified": false,
        "line_number": 487
      }
    ],
    "fluid_build/cli/_forge_data_model_jdbc.py": [
      {
        "type": "Basic Auth Credentials",
        "filename": "fluid_build/cli/_forge_data_model_jdbc.py",
        "hashed_secret": "9d4e1e23bd5b727046a9e3b4b7db57bd8d6ee684",
        "is_verified": false,
        "line_number": 63
      }
    ],
    "fluid_build/cli/_forge_data_model_register.py": [
      {
        "type": "Basic Auth Credentials",
        "filename": "fluid_build/cli/_forge_data_model_register.py",
        "hashed_secret": "9d4e1e23bd5b727046a9e3b4b7db57bd8d6ee684",
        "is_verified": false,
        "line_number": 179
      }
    ],
    "fluid_build/cli/ai_setup.py": [
      {
        "type": "Secret Keyword",
        "filename": "fluid_build/cli/ai_setup.py",
        "hashed_secret": "fedd98aeb509344663485744497d778515a12158",
        "is_verified": false,
        "line_number": 102
      }
    ],
    "fluid_build/cli/ai_source_setup.py": [
      {
        "type": "Secret Keyword",
        "filename": "fluid_build/cli/ai_source_setup.py",
        "hashed_secret": "ba2507a8051862bbdd19fb45ac8fe1463b6ce14c",
        "is_verified": false,
        "line_number": 80
      }
    ],
    "fluid_build/cli/discover/_jdbc_introspect.py": [
      {
        "type": "Basic Auth Credentials",
        "filename": "fluid_build/cli/discover/_jdbc_introspect.py",
        "hashed_secret": "9d4e1e23bd5b727046a9e3b4b7db57bd8d6ee684",
        "is_verified": false,
        "line_number": 36
      }
    ],
    "fluid_build/cli/forge_copilot_coding_agent.py": [
      {
        "type": "Secret Keyword",
        "filename": "fluid_build/cli/forge_copilot_coding_agent.py",
        "hashed_secret": "0a6dd66bffee8ecb31e642d7739abb8f1c1f7a6a",
        "is_verified": false,
        "line_number": 169
      },
      {
        "type": "Secret Keyword",
        "filename": "fluid_build/cli/forge_copilot_coding_agent.py",
        "hashed_secret": "eb1bd37d7e2788a0aa255d6b062a2d51781655dd",
        "is_verified": false,
        "line_number": 193
      },
      {
        "type": "Secret Keyword",
        "filename": "fluid_build/cli/forge_copilot_coding_agent.py",
        "hashed_secret": "9c840e44e8be472bc4379bfd7c5f5995929d613d",
        "is_verified": false,
        "line_number": 219
      }
    ],
    "fluid_build/cli/market.py": [
      {
        "type": "Secret Keyword",
        "filename": "fluid_build/cli/market.py",
        "hashed_secret": "d033e22ae348aeb5660fc2140aec35850c4da997",
        "is_verified": false,
        "line_number": 1257
      },
      {
        "type": "Secret Keyword",
        "filename": "fluid_build/cli/market.py",
        "hashed_secret": "11fa7c37d697f30e6aee828b4426a10f83ab2380",
        "is_verified": false,
        "line_number": 1262
      },
      {
        "type": "Secret Keyword",
        "filename": "fluid_build/cli/market.py",
        "hashed_secret": "724fc7d1f760995015ee1047469166f685d1be73",
        "is_verified": false,
        "line_number": 1263
      }
    ],
    "fluid_build/cli/mcp.py": [
      {
        "type": "Basic Auth Credentials",
        "filename": "fluid_build/cli/mcp.py",
        "hashed_secret": "9d4e1e23bd5b727046a9e3b4b7db57bd8d6ee684",
        "is_verified": false,
        "line_number": 397
      }
    ],
    "fluid_build/copilot/catalog/credentials.py": [
      {
        "type": "Secret Keyword",
        "filename": "fluid_build/copilot/catalog/credentials.py",
        "hashed_secret": "ba2507a8051862bbdd19fb45ac8fe1463b6ce14c",
        "is_verified": false,
        "line_number": 104
      }
    ],
    "fluid_build/copilot/store/backends/postgres.py": [
      {
        "type": "Basic Auth Credentials",
        "filename": "fluid_build/copilot/store/backends/postgres.py",
        "hashed_secret": "e5e9fa1ba31ecd1ae84f75caaa474f3a663f05f4",
        "is_verified": false,
        "line_number": 34
      }
    ],
    "fluid_build/forge/generators/config_generator.py": [
      {
        "type": "Base64 High Entropy String",
        "filename": "fluid_build/forge/generators/config_generator.py",
        "hashed_secret": "0de13af821390305697757258abb5e543a998d76",
        "is_verified": false,
        "line_number": 131
      },
      {
        "type": "Base64 High Entropy String",
        "filename": "fluid_build/forge/generators/config_generator.py",
        "hashed_secret": "2a4b4c7669332a0a476fa8e51adbb7863eb59a0f",
        "is_verified": false,
        "line_number": 133
      },
      {
        "type": "Base64 High Entropy String",
        "filename": "fluid_build/forge/generators/config_generator.py",
        "hashed_secret": "61e042f51009b0a30d203319714a935f26b7daef",
        "is_verified": false,
        "line_number": 143
      },
      {
        "type": "Base64 High Entropy String",
        "filename": "fluid_build/forge/generators/config_generator.py",
        "hashed_secret": "1fe596c2cd63a98728b3e8d3726c7be9e9b1dc9e",
        "is_verified": false,
        "line_number": 156
      }
    ],
    "fluid_build/forge/providers/local.py": [
      {
        "type": "Secret Keyword",
        "filename": "fluid_build/forge/providers/local.py",
        "hashed_secret": "5baa61e4c9b93f3f0682250b6cf8331b7ee68fd8",
        "is_verified": false,
        "line_number": 79
      }
    ],
    "fluid_build/observability/git.py": [
      {
        "type": "Hex High Entropy String",
        "filename": "fluid_build/observability/git.py",
        "hashed_secret": "93e008b84c4ca08300a40cd953acd50ed97568e8",
        "is_verified": false,
        "line_number": 45
      }
    ],
    "fluid_build/observability/run_id.py": [
      {
        "type": "Hex High Entropy String",
        "filename": "fluid_build/observability/run_id.py",
        "hashed_secret": "19113153dcaf827ba0b6961496180557941046ee",
        "is_verified": false,
        "line_number": 96
      }
    ],
    "fluid_build/observability/secret_redactor.py": [
      {
        "type": "Private Key",
        "filename": "fluid_build/observability/secret_redactor.py",
        "hashed_secret": "1348b145fa1a555461c1b790a2f66614781091e9",
        "is_verified": false,
        "line_number": 86
      }
    ],
    "fluid_build/providers/_sql_safety.py": [
      {
        "type": "Secret Keyword",
        "filename": "fluid_build/providers/_sql_safety.py",
        "hashed_secret": "fb2620e2ed7e530fcb1ea0a2b2456751057a5178",
        "is_verified": false,
        "line_number": 117
      },
      {
        "type": "Secret Keyword",
        "filename": "fluid_build/providers/_sql_safety.py",
        "hashed_secret": "6d613a1ee01eec4c0f8ca66df0db71dca0c6e1cf",
        "is_verified": false,
        "line_number": 118
      }
    ],
    "fluid_build/providers/datamesh_manager/README.md": [
      {
        "type": "Secret Keyword",
        "filename": "fluid_build/providers/datamesh_manager/README.md",
        "hashed_secret": "02a866fd2cd01a25beeb7c90da6e51cba996a9bc",
        "is_verified": false,
        "line_number": 9
      }
    ],
    "fluid_build/providers/local/mocks.py": [
      {
        "type": "Secret Keyword",
        "filename": "fluid_build/providers/local/mocks.py",
        "hashed_secret": "a94a8fe5ccb19ba61c4c0873d391e987982fbbd3",
        "is_verified": false,
        "line_number": 114
      }
    ],
    "fluid_build/providers/local/util/logging.py": [
      {
        "type": "Basic Auth Credentials",
        "filename": "fluid_build/providers/local/util/logging.py",
        "hashed_secret": "9d4e1e23bd5b727046a9e3b4b7db57bd8d6ee684",
        "is_verified": false,
        "line_number": 43
      }
    ],
    "fluid_build/providers/snowflake/types.py": [
      {
        "type": "Secret Keyword",
        "filename": "fluid_build/providers/snowflake/types.py",
        "hashed_secret": "5baa61e4c9b93f3f0682250b6cf8331b7ee68fd8",
        "is_verified": false,
        "line_number": 32
      }
    ],
    "fluid_build/providers/snowflake/util/logging.py": [
      {
        "type": "Basic Auth Credentials",
        "filename": "fluid_build/providers/snowflake/util/logging.py",
        "hashed_secret": "5baa61e4c9b93f3f0682250b6cf8331b7ee68fd8",
        "is_verified": false,
        "line_number": 36
      },
      {
        "type": "Private Key",
        "filename": "fluid_build/providers/snowflake/util/logging.py",
        "hashed_secret": "1348b145fa1a555461c1b790a2f66614781091e9",
        "is_verified": false,
        "line_number": 129
      }
    ],
    "fluid_build/pypi/experimental/build-metadata/0.7.1.dev2.json": [
      {
        "type": "Hex High Entropy String",
        "filename": "fluid_build/pypi/experimental/build-metadata/0.7.1.dev2.json",
        "hashed_secret": "ae6533d6f5b06478c3631f69e5ca4ffa3e9acfa9",
        "is_verified": false,
        "line_number": 6
      }
    ],
    "fluid_build/pypi/experimental/build-metadata/0.7.1.dev3.json": [
      {
        "type": "Hex High Entropy String",
        "filename": "fluid_build/pypi/experimental/build-metadata/0.7.1.dev3.json",
        "hashed_secret": "ae6533d6f5b06478c3631f69e5ca4ffa3e9acfa9",
        "is_verified": false,
        "line_number": 6
      }
    ],
    "fluid_build/pypi/experimental/build-metadata/0.7.1.dev84.json": [
      {
        "type": "Hex High Entropy String",
        "filename": "fluid_build/pypi/experimental/build-metadata/0.7.1.dev84.json",
        "hashed_secret": "ae6533d6f5b06478c3631f69e5ca4ffa3e9acfa9",
        "is_verified": false,
        "line_number": 6
      }
    ],
    "fluid_build/secrets.py": [
      {
        "type": "Secret Keyword",
        "filename": "fluid_build/secrets.py",
        "hashed_secret": "f080cddea2ef704530a9b251f2bf582c6303ef91",
        "is_verified": false,
        "line_number": 44
      },
      {
        "type": "Secret Keyword",
        "filename": "fluid_build/secrets.py",
        "hashed_secret": "7908287c392e8c51b7e27c5e61ed3c257ad70a7f",
        "is_verified": false,
        "line_number": 45
      }
    ],
    "fluid_build/templates/environment-configuration/README.md": [
      {
        "type": "Secret Keyword",
        "filename": "fluid_build/templates/environment-configuration/README.md",
        "hashed_secret": "505032eaf8a3acf9b094a326dfb1cd0537c75a0d",
        "is_verified": false,
        "line_number": 151
      }
    ],
    "pyproject.toml": [
      {
        "type": "Secret Keyword",
        "filename": "pyproject.toml",
        "hashed_secret": "fdb92d6db3585d9dec894d5eb5bba7996cecc1dc",
        "is_verified": false,
        "line_number": 55
      }
    ],
    "scripts/verify_compose.yml": [
      {
        "type": "Secret Keyword",
        "filename": "scripts/verify_compose.yml",
        "hashed_secret": "52b7362eed5e398bad39dafb5ad68515e6547a3a",
        "is_verified": false,
        "line_number": 22
      }
    ],
    "scripts/verify_engines_debug.sh": [
      {
        "type": "Basic Auth Credentials",
        "filename": "scripts/verify_engines_debug.sh",
        "hashed_secret": "52b7362eed5e398bad39dafb5ad68515e6547a3a",
        "is_verified": false,
        "line_number": 45
      }
    ],
    "tests/_infrastructure/emulator_fixtures.py": [
      {
        "type": "Secret Keyword",
        "filename": "tests/_infrastructure/emulator_fixtures.py",
        "hashed_secret": "dc724af18fbdd4e59189f5fe768a5f8311527050",
        "is_verified": false,
        "line_number": 99
      }
    ],
    "tests/_infrastructure/testcontainers_fixtures.py": [
      {
        "type": "Secret Keyword",
        "filename": "tests/_infrastructure/testcontainers_fixtures.py",
        "hashed_secret": "01a58c25b8ba83d3d3b311b720f303481bffd289",
        "is_verified": false,
        "line_number": 153
      }
    ],
    "tests/build_runners/test_acquisition_common.py": [
      {
        "type": "Secret Keyword",
        "filename": "tests/build_runners/test_acquisition_common.py",
        "hashed_secret": "0c87bed4927509bf93be6f005081eddfdaf53688",
        "is_verified": false,
        "line_number": 123
      },
      {
        "type": "Secret Keyword",
        "filename": "tests/build_runners/test_acquisition_common.py",
        "hashed_secret": "e493f561d90c6638c1f51c5a8a069c3b129b79ed",
        "is_verified": false,
        "line_number": 130
      },
      {
        "type": "Secret Keyword",
        "filename": "tests/build_runners/test_acquisition_common.py",
        "hashed_secret": "2a31c218d1fac3715608a988676ef7f1f3ef1c6d",
        "is_verified": false,
        "line_number": 141
      },
      {
        "type": "Secret Keyword",
        "filename": "tests/build_runners/test_acquisition_common.py",
        "hashed_secret": "7a12adcc1f84a824c761e5cdabbdf8e5d3687136",
        "is_verified": false,
        "line_number": 155
      },
      {
        "type": "Secret Keyword",
        "filename": "tests/build_runners/test_acquisition_common.py",
        "hashed_secret": "c55ffb28589b12e4fe0044911a353dd7e012b703",
        "is_verified": false,
        "line_number": 165
      },
      {
        "type": "Secret Keyword",
        "filename": "tests/build_runners/test_acquisition_common.py",
        "hashed_secret": "fef341f85d87439e7d91a2d465b9871ef66b5e98",
        "is_verified": false,
        "line_number": 275
      }
    ],
    "tests/build_runners/test_airbyte_host_override.py": [
      {
        "type": "Secret Keyword",
        "filename": "tests/build_runners/test_airbyte_host_override.py",
        "hashed_secret": "3cf2012487b086bba2adb3386d69c2ab67a268b6",
        "is_verified": false,
        "line_number": 49
      }
    ],
    "tests/build_runners/test_kafka_schema_registry_e2e.py": [
      {
        "type": "Basic Auth Credentials",
        "filename": "tests/build_runners/test_kafka_schema_registry_e2e.py",
        "hashed_secret": "fef341f85d87439e7d91a2d465b9871ef66b5e98",
        "is_verified": false,
        "line_number": 49
      }
    ],
    "tests/cli/import_workflow/test_import_full_matrix.py": [
      {
        "type": "Secret Keyword",
        "filename": "tests/cli/import_workflow/test_import_full_matrix.py",
        "hashed_secret": "0ed76a021de7de59ede95fd00b2798ec8f50fcb9",
        "is_verified": false,
        "line_number": 72
      },
      {
        "type": "Secret Keyword",
        "filename": "tests/cli/import_workflow/test_import_full_matrix.py",
        "hashed_secret": "670fe2b98de4ddec04c2cca36156245382151166",
        "is_verified": false,
        "line_number": 151
      },
      {
        "type": "Secret Keyword",
        "filename": "tests/cli/import_workflow/test_import_full_matrix.py",
        "hashed_secret": "e5e9fa1ba31ecd1ae84f75caaa474f3a663f05f4",
        "is_verified": false,
        "line_number": 232
      }
    ],
    "tests/cli/test_agentic_redteam.py": [
      {
        "type": "Secret Keyword",
        "filename": "tests/cli/test_agentic_redteam.py",
        "hashed_secret": "c58863f57864f41b9481cd035473d73d3af42faf",
        "is_verified": false,
        "line_number": 178
      }
    ],
    "tests/cli/test_attestation.py": [
      {
        "type": "Hex High Entropy String",
        "filename": "tests/cli/test_attestation.py",
        "hashed_secret": "90bd1b48e958257948487b90bee080ba5ed00caa",
        "is_verified": false,
        "line_number": 324
      }
    ],
    "tests/cli/test_datamesh_manager.py": [
      {
        "type": "Secret Keyword",
        "filename": "tests/cli/test_datamesh_manager.py",
        "hashed_secret": "3acfb2c2b433c0ea7ff107e33df91b18e52f960f",
        "is_verified": false,
        "line_number": 203
      },
      {
        "type": "Secret Keyword",
        "filename": "tests/cli/test_datamesh_manager.py",
        "hashed_secret": "9139236dfe89960fee34d53b6089795fe376682e",
        "is_verified": false,
        "line_number": 218
      },
      {
        "type": "Secret Keyword",
        "filename": "tests/cli/test_datamesh_manager.py",
        "hashed_secret": "e9b4dce312643ee0e1bd0561a50d9d5a7e5a2be1",
        "is_verified": false,
        "line_number": 254
      },
      {
        "type": "Secret Keyword",
        "filename": "tests/cli/test_datamesh_manager.py",
        "hashed_secret": "48854c46907b8f99e4c4c711f3fb7336a93bc290",
        "is_verified": false,
        "line_number": 317
      },
      {
        "type": "Secret Keyword",
        "filename": "tests/cli/test_datamesh_manager.py",
        "hashed_secret": "a62f2225bf70bfaccbc7f1ef2a397836717377de",
        "is_verified": false,
        "line_number": 340
      },
      {
        "type": "Secret Keyword",
        "filename": "tests/cli/test_datamesh_manager.py",
        "hashed_secret": "bba2a8f5a66bba269745e4b9a8f78fa9d6e794c2",
        "is_verified": false,
        "line_number": 718
      },
      {
        "type": "Secret Keyword",
        "filename": "tests/cli/test_datamesh_manager.py",
        "hashed_secret": "829c3804401b0727f70f73d4415e162400cbe57b",
        "is_verified": false,
        "line_number": 746
      },
      {
        "type": "Secret Keyword",
        "filename": "tests/cli/test_datamesh_manager.py",
        "hashed_secret": "61ba747fe2f5b3d513c40550084c6284fbbc1094",
        "is_verified": false,
        "line_number": 919
      },
      {
        "type": "Secret Keyword",
        "filename": "tests/cli/test_datamesh_manager.py",
        "hashed_secret": "c053ecf9ed41df0311b9df13cc6c3b6078d2d3c2",
        "is_verified": false,
        "line_number": 1115
      }
    ],
    "tests/cli/test_forge_copilot_agent_loop_e2e.py": [
      {
        "type": "Secret Keyword",
        "filename": "tests/cli/test_forge_copilot_agent_loop_e2e.py",
        "hashed_secret": "c6b1882c749165f455d1ad94c1081d3dfeded309",
        "is_verified": false,
        "line_number": 140
      }
    ],
    "tests/cli/test_forge_data_model_from_source_jdbc.py": [
      {
        "type": "Basic Auth Credentials",
        "filename": "tests/cli/test_forge_data_model_from_source_jdbc.py",
        "hashed_secret": "afc848c316af1a89d49826c5ae9d00ed769415f3",
        "is_verified": false,
        "line_number": 911
      }
    ],
    "tests/cli/test_forge_jdbc_pii_pre_classifier.py": [
      {
        "type": "Basic Auth Credentials",
        "filename": "tests/cli/test_forge_jdbc_pii_pre_classifier.py",
        "hashed_secret": "afc848c316af1a89d49826c5ae9d00ed769415f3",
        "is_verified": false,
        "line_number": 275
      }
    ],
    "tests/cli/test_market_mcp_catalog.py": [
      {
        "type": "Secret Keyword",
        "filename": "tests/cli/test_market_mcp_catalog.py",
        "hashed_secret": "8bf9f77cc89bfb44124cffa2bc7bd4f23cef5ce7",
        "is_verified": false,
        "line_number": 450
      },
      {
        "type": "Secret Keyword",
        "filename": "tests/cli/test_market_mcp_catalog.py",
        "hashed_secret": "923cd21f79fd03d8ecadd378896bebcd66a7afa2",
        "is_verified": false,
        "line_number": 457
      }
    ],
    "tests/cli/test_schedule_sync.py": [
      {
        "type": "Basic Auth Credentials",
        "filename": "tests/cli/test_schedule_sync.py",
        "hashed_secret": "e5e9fa1ba31ecd1ae84f75caaa474f3a663f05f4",
        "is_verified": false,
        "line_number": 276
      }
    ],
    "tests/cli/test_subcommand_dispatch_smoke.py": [
      {
        "type": "Secret Keyword",
        "filename": "tests/cli/test_subcommand_dispatch_smoke.py",
        "hashed_secret": "fe86558143c0bd528f649a153bdc32b8fa90301c",
        "is_verified": false,
        "line_number": 67
      }
    ],
    "tests/copilot/agents/test_judge_ab_enriched_vs_baseline.py": [
      {
        "type": "Secret Keyword",
        "filename": "tests/copilot/agents/test_judge_ab_enriched_vs_baseline.py",
        "hashed_secret": "3acfb2c2b433c0ea7ff107e33df91b18e52f960f",
        "is_verified": false,
        "line_number": 59
      }
    ],
    "tests/copilot/agents/test_judge_agent.py": [
      {
        "type": "Secret Keyword",
        "filename": "tests/copilot/agents/test_judge_agent.py",
        "hashed_secret": "3acfb2c2b433c0ea7ff107e33df91b18e52f960f",
        "is_verified": false,
        "line_number": 121
      }
    ],
    "tests/copilot/agents/test_judge_golden_set.py": [
      {
        "type": "Secret Keyword",
        "filename": "tests/copilot/agents/test_judge_golden_set.py",
        "hashed_secret": "3acfb2c2b433c0ea7ff107e33df91b18e52f960f",
        "is_verified": false,
        "line_number": 65
      }
    ],
    "tests/copilot/agents/test_judge_self_critique.py": [
      {
        "type": "Secret Keyword",
        "filename": "tests/copilot/agents/test_judge_self_critique.py",
        "hashed_secret": "3acfb2c2b433c0ea7ff107e33df91b18e52f960f",
        "is_verified": false,
        "line_number": 187
      }
    ],
    "tests/copilot/catalog/test_catalog_adapter_dmm.py": [
      {
        "type": "Secret Keyword",
        "filename": "tests/copilot/catalog/test_catalog_adapter_dmm.py",
        "hashed_secret": "d58f8c42247f1cf100bf63f196d93d7d302e8ca9",
        "is_verified": false,
        "line_number": 48
      }
    ],
    "tests/copilot/catalog/test_catalog_adapter_glue.py": [
      {
        "type": "Secret Keyword",
        "filename": "tests/copilot/catalog/test_catalog_adapter_glue.py",
        "hashed_secret": "4cd96ef11edb2a0ee7afb8b6fd2c948f591cfd3b",
        "is_verified": false,
        "line_number": 128
      }
    ],
    "tests/copilot/catalog/test_catalog_adapter_snowflake.py": [
      {
        "type": "Secret Keyword",
        "filename": "tests/copilot/catalog/test_catalog_adapter_snowflake.py",
        "hashed_secret": "f3bbbd66a63d4bf1747940578ec3d0103530e21d",
        "is_verified": false,
        "line_number": 91
      }
    ],
    "tests/copilot/catalog/test_credentials_resolver.py": [
      {
        "type": "Secret Keyword",
        "filename": "tests/copilot/catalog/test_credentials_resolver.py",
        "hashed_secret": "896f94275180cbcc9f2658cb0a305d0728fa1cb4",
        "is_verified": false,
        "line_number": 111
      },
      {
        "type": "Secret Keyword",
        "filename": "tests/copilot/catalog/test_credentials_resolver.py",
        "hashed_secret": "ec09a041656818107eb855453ffbf7327d3bbc9d",
        "is_verified": false,
        "line_number": 394
      },
      {
        "type": "Secret Keyword",
        "filename": "tests/copilot/catalog/test_credentials_resolver.py",
        "hashed_secret": "e5e9fa1ba31ecd1ae84f75caaa474f3a663f05f4",
        "is_verified": false,
        "line_number": 564
      },
      {
        "type": "Secret Keyword",
        "filename": "tests/copilot/catalog/test_credentials_resolver.py",
        "hashed_secret": "5896b2d61e35f891c0f3e124896721d3e9459eec",
        "is_verified": false,
        "line_number": 582
      },
      {
        "type": "Secret Keyword",
        "filename": "tests/copilot/catalog/test_credentials_resolver.py",
        "hashed_secret": "e5d3db477707ed7e063c4cc9f87449633c3337c4",
        "is_verified": false,
        "line_number": 612
      }
    ],
    "tests/copilot/test_postgres_backend_dependency.py": [
      {
        "type": "Basic Auth Credentials",
        "filename": "tests/copilot/test_postgres_backend_dependency.py",
        "hashed_secret": "9d4e1e23bd5b727046a9e3b4b7db57bd8d6ee684",
        "is_verified": false,
        "line_number": 50
      }
    ],
    "tests/copilot/test_postgres_dsn_redaction.py": [
      {
        "type": "Basic Auth Credentials",
        "filename": "tests/copilot/test_postgres_dsn_redaction.py",
        "hashed_secret": "e5e9fa1ba31ecd1ae84f75caaa474f3a663f05f4",
        "is_verified": false,
        "line_number": 24
      },
      {
        "type": "Basic Auth Credentials",
        "filename": "tests/copilot/test_postgres_dsn_redaction.py",
        "hashed_secret": "12201fe5e202883bd45fc97e87366ea05183e0e4",
        "is_verified": false,
        "line_number": 53
      },
      {
        "type": "Basic Auth Credentials",
        "filename": "tests/copilot/test_postgres_dsn_redaction.py",
        "hashed_secret": "7ce340cfd5555be9553879b4ba90d7cfe7584fbd",
        "is_verified": false,
        "line_number": 59
      },
      {
        "type": "Secret Keyword",
        "filename": "tests/copilot/test_postgres_dsn_redaction.py",
        "hashed_secret": "2aae6c35c94fcfb415dbe95f408b9ce91ee846ed",
        "is_verified": false,
        "line_number": 71
      },
      {
        "type": "Secret Keyword",
        "filename": "tests/copilot/test_postgres_dsn_redaction.py",
        "hashed_secret": "7b68d4c29a7d1bb5c0d71788ecac3aeae71a5e86",
        "is_verified": false,
        "line_number": 77
      }
    ],
    "tests/copilot/test_pr_d_default_summarizer.py": [
      {
        "type": "Secret Keyword",
        "filename": "tests/copilot/test_pr_d_default_summarizer.py",
        "hashed_secret": "9139236dfe89960fee34d53b6089795fe376682e",
        "is_verified": false,
        "line_number": 49
      }
    ],
    "tests/copilot/test_store_backend_hardening.py": [
      {
        "type": "Basic Auth Credentials",
        "filename": "tests/copilot/test_store_backend_hardening.py",
        "hashed_secret": "e5e9fa1ba31ecd1ae84f75caaa474f3a663f05f4",
        "is_verified": false,
        "line_number": 216
      }
    ],
    "tests/forge/test_federation.py": [
      {
        "type": "Secret Keyword",
        "filename": "tests/forge/test_federation.py",
        "hashed_secret": "ff021a586716c57741929b50292b35cc6e66826d",
        "is_verified": false,
        "line_number": 69
      }
    ],
    "tests/forge/test_federation_ssrf.py": [
      {
        "type": "Secret Keyword",
        "filename": "tests/forge/test_federation_ssrf.py",
        "hashed_secret": "ff021a586716c57741929b50292b35cc6e66826d",
        "is_verified": false,
        "line_number": 241
      },
      {
        "type": "Basic Auth Credentials",
        "filename": "tests/forge/test_federation_ssrf.py",
        "hashed_secret": "bc3b59e83cead10a105ca31811aae73e8d12c8d9",
        "is_verified": false,
        "line_number": 252
      },
      {
        "type": "Basic Auth Credentials",
        "filename": "tests/forge/test_federation_ssrf.py",
        "hashed_secret": "244a67518f772927882067f82e58a713ca735826",
        "is_verified": false,
        "line_number": 283
      }
    ],
    "tests/iac/conftest.py": [
      {
        "type": "Secret Keyword",
        "filename": "tests/iac/conftest.py",
        "hashed_secret": "a94a8fe5ccb19ba61c4c0873d391e987982fbbd3",
        "is_verified": false,
        "line_number": 704
      }
    ],
    "tests/iac/test_iac_aws_apply_engine_moto.py": [
      {
        "type": "Secret Keyword",
        "filename": "tests/iac/test_iac_aws_apply_engine_moto.py",
        "hashed_secret": "dc724af18fbdd4e59189f5fe768a5f8311527050",
        "is_verified": false,
        "line_number": 97
      }
    ],
    "tests/iac/test_iac_aws_dbt_athena_e2e.py": [
      {
        "type": "Secret Keyword",
        "filename": "tests/iac/test_iac_aws_dbt_athena_e2e.py",
        "hashed_secret": "a94a8fe5ccb19ba61c4c0873d391e987982fbbd3",
        "is_verified": false,
        "line_number": 201
      }
    ],
    "tests/iac/test_iac_moto_e2e.py": [
      {
        "type": "Secret Keyword",
        "filename": "tests/iac/test_iac_moto_e2e.py",
        "hashed_secret": "dc724af18fbdd4e59189f5fe768a5f8311527050",
        "is_verified": false,
        "line_number": 151
      }
    ],
    "tests/output_ports/test_auth.py": [
      {
        "type": "Hex High Entropy String",
        "filename": "tests/output_ports/test_auth.py",
        "hashed_secret": "f538b12b42468087bffe54648a82be1f6baddde7",
        "is_verified": false,
        "line_number": 276
      }
    ],
    "tests/output_ports/test_extensibility_and_runtime.py": [
      {
        "type": "Secret Keyword",
        "filename": "tests/output_ports/test_extensibility_and_runtime.py",
        "hashed_secret": "c6b2df821ce5861b05c786c9798ff2a8229e5838",
        "is_verified": false,
        "line_number": 637
      }
    ],
    "tests/output_ports/test_query_compiler.py": [
      {
        "type": "Base64 High Entropy String",
        "filename": "tests/output_ports/test_query_compiler.py",
        "hashed_secret": "36d94f4a553e2a1e062ff0432603cde60bdc273a",
        "is_verified": false,
        "line_number": 307
      }
    ],
    "tests/perf/test_from_source_warm_cache.py": [
      {
        "type": "Secret Keyword",
        "filename": "tests/perf/test_from_source_warm_cache.py",
        "hashed_secret": "3acfb2c2b433c0ea7ff107e33df91b18e52f960f",
        "is_verified": false,
        "line_number": 157
      }
    ],
    "tests/perf/test_warm_cache_regression.py": [
      {
        "type": "Secret Keyword",
        "filename": "tests/perf/test_warm_cache_regression.py",
        "hashed_secret": "3acfb2c2b433c0ea7ff107e33df91b18e52f960f",
        "is_verified": false,
        "line_number": 118
      }
    ],
    "tests/providers/test_aws_localstack_happy_path.py": [
      {
        "type": "Secret Keyword",
        "filename": "tests/providers/test_aws_localstack_happy_path.py",
        "hashed_secret": "a94a8fe5ccb19ba61c4c0873d391e987982fbbd3",
        "is_verified": false,
        "line_number": 80
      }
    ],
    "tests/providers/test_datamesh_manager_gaps.py": [
      {
        "type": "Secret Keyword",
        "filename": "tests/providers/test_datamesh_manager_gaps.py",
        "hashed_secret": "ed65c049bb2f78ee4f703b2158ba9cc6ea31fb7e",
        "is_verified": false,
        "line_number": 42
      }
    ],
    "tests/providers/test_odcs_dmm_integration.py": [
      {
        "type": "Secret Keyword",
        "filename": "tests/providers/test_odcs_dmm_integration.py",
        "hashed_secret": "3acfb2c2b433c0ea7ff107e33df91b18e52f960f",
        "is_verified": false,
        "line_number": 149
      }
    ],
    "tests/providers/test_snowflake_connection.py": [
      {
        "type": "Secret Keyword",
        "filename": "tests/providers/test_snowflake_connection.py",
        "hashed_secret": "f3bbbd66a63d4bf1747940578ec3d0103530e21d",
        "is_verified": false,
        "line_number": 61
      }
    ],
    "tests/providers/test_snowflake_happy_path.py": [
      {
        "type": "Secret Keyword",
        "filename": "tests/providers/test_snowflake_happy_path.py",
        "hashed_secret": "db5543cd7440bbdc4c5aaf8aa363715c31dd5a27",
        "is_verified": false,
        "line_number": 154
      },
      {
        "type": "Secret Keyword",
        "filename": "tests/providers/test_snowflake_happy_path.py",
        "hashed_secret": "f3bbbd66a63d4bf1747940578ec3d0103530e21d",
        "is_verified": false,
        "line_number": 374
      }
    ],
    "tests/providers/test_snowflake_redaction_symmetry.py": [
      {
        "type": "Base64 High Entropy String",
        "filename": "tests/providers/test_snowflake_redaction_symmetry.py",
        "hashed_secret": "fb653f6836c4d3abf00b8dd0d976c416aab7f425",
        "is_verified": false,
        "line_number": 54
      },
      {
        "type": "Base64 High Entropy String",
        "filename": "tests/providers/test_snowflake_redaction_symmetry.py",
        "hashed_secret": "93e2332e8fa09c3c418d5573a1bd1bd5d8413cba",
        "is_verified": false,
        "line_number": 55
      },
      {
        "type": "Secret Keyword",
        "filename": "tests/providers/test_snowflake_redaction_symmetry.py",
        "hashed_secret": "6014c06eb0704c94e4bbbd0ec64eb7ea2dda6600",
        "is_verified": false,
        "line_number": 59
      },
      {
        "type": "Private Key",
        "filename": "tests/providers/test_snowflake_redaction_symmetry.py",
        "hashed_secret": "be4fc4886bd949b369d5e092eb87494f12e57e5b",
        "is_verified": false,
        "line_number": 87
      },
      {
        "type": "Base64 High Entropy String",
        "filename": "tests/providers/test_snowflake_redaction_symmetry.py",
        "hashed_secret": "002a4ce517c7c70c1c4633aa496ebdfd1e7c20d0",
        "is_verified": false,
        "line_number": 89
      },
      {
        "type": "Base64 High Entropy String",
        "filename": "tests/providers/test_snowflake_redaction_symmetry.py",
        "hashed_secret": "e032fcc8c2cd64d28eafdddba6b329db9a302733",
        "is_verified": false,
        "line_number": 146
      },
      {
        "type": "Base64 High Entropy String",
        "filename": "tests/providers/test_snowflake_redaction_symmetry.py",
        "hashed_secret": "3bdf8557874c0647cf588e962f3c12ab7abd1f02",
        "is_verified": false,
        "line_number": 150
      },
      {
        "type": "Private Key",
        "filename": "tests/providers/test_snowflake_redaction_symmetry.py",
        "hashed_secret": "f0778f3e140a61d5bbbed5430773e52af2f5fba4",
        "is_verified": false,
        "line_number": 191
      },
      {
        "type": "Private Key",
        "filename": "tests/providers/test_snowflake_redaction_symmetry.py",
        "hashed_secret": "1348b145fa1a555461c1b790a2f66614781091e9",
        "is_verified": false,
        "line_number": 231
      }
    ],
    "tests/providers/test_snowflake_util_logging.py": [
      {
        "type": "Secret Keyword",
        "filename": "tests/providers/test_snowflake_util_logging.py",
        "hashed_secret": "132d7d659faa6773d3bc2c3b0da698e60fc1a32e",
        "is_verified": false,
        "line_number": 61
      },
      {
        "type": "JSON Web Token",
        "filename": "tests/providers/test_snowflake_util_logging.py",
        "hashed_secret": "f1fb6becdc61282ab53f4f18b7183bb6d9fbc3c5",
        "is_verified": false,
        "line_number": 63
      },
      {
        "type": "GitHub Token",
        "filename": "tests/providers/test_snowflake_util_logging.py",
        "hashed_secret": "e175c6f5f2a92e8623bd9a4820edb4e8c1b0fd10",
        "is_verified": false,
        "line_number": 65
      },
      {
        "type": "Secret Keyword",
        "filename": "tests/providers/test_snowflake_util_logging.py",
        "hashed_secret": "f3bbbd66a63d4bf1747940578ec3d0103530e21d",
        "is_verified": false,
        "line_number": 77
      }
    ],
    "tests/scripts/test_check_pinned_actions.py": [
      {
        "type": "Hex High Entropy String",
        "filename": "tests/scripts/test_check_pinned_actions.py",
        "hashed_secret": "158b484ae1f6f64f89da22397d25fbdafad02252",
        "is_verified": false,
        "line_number": 62
      },
      {
        "type": "Hex High Entropy String",
        "filename": "tests/scripts/test_check_pinned_actions.py",
        "hashed_secret": "db2c18f680307a26eb273d77fc563939c751abd0",
        "is_verified": false,
        "line_number": 92
      }
    ],
    "tests/security/test_security_regressions.py": [
      {
        "type": "Secret Keyword",
        "filename": "tests/security/test_security_regressions.py",
        "hashed_secret": "7c9ce88af5f76ecad340e5e6a6e40bca11c3d234",
        "is_verified": false,
        "line_number": 207
      }
    ],
    "tests/security/test_security_regressions_round2.py": [
      {
        "type": "Basic Auth Credentials",
        "filename": "tests/security/test_security_regressions_round2.py",
        "hashed_secret": "37fa265330ad83eaa879efb1e2db6380896cf639",
        "is_verified": false,
        "line_number": 325
      },
      {
        "type": "Basic Auth Credentials",
        "filename": "tests/security/test_security_regressions_round2.py",
        "hashed_secret": "9d4e1e23bd5b727046a9e3b4b7db57bd8d6ee684",
        "is_verified": false,
        "line_number": 328
      }
    ],
    "tests/smoke_real_providers.py": [
      {
        "type": "Secret Keyword",
        "filename": "tests/smoke_real_providers.py",
        "hashed_secret": "8ed4322e8e2790b8c928d381ce8d07cfd966e909",
        "is_verified": false,
        "line_number": 301
      }
    ],
    "tests/test_agentic_improvements.py": [
      {
        "type": "Secret Keyword",
        "filename": "tests/test_agentic_improvements.py",
        "hashed_secret": "3acfb2c2b433c0ea7ff107e33df91b18e52f960f",
        "is_verified": false,
        "line_number": 371
      }
    ],
    "tests/test_ai_setup.py": [
      {
        "type": "Secret Keyword",
        "filename": "tests/test_ai_setup.py",
        "hashed_secret": "1bdb819b553a3ebcdf42833ea0e5c05b8dac455c",
        "is_verified": false,
        "line_number": 38
      },
      {
        "type": "Secret Keyword",
        "filename": "tests/test_ai_setup.py",
        "hashed_secret": "225703bc3d4be6c2ade59f6b18245a2a60a22fe8",
        "is_verified": false,
        "line_number": 54
      },
      {
        "type": "Secret Keyword",
        "filename": "tests/test_ai_setup.py",
        "hashed_secret": "13951588fd3325e25ed1e3b116d7009fb221c85e",
        "is_verified": false,
        "line_number": 102
      },
      {
        "type": "Secret Keyword",
        "filename": "tests/test_ai_setup.py",
        "hashed_secret": "e9a5f12a8ecbb3eb46eca5096b5c52aa5e7c9fdd",
        "is_verified": false,
        "line_number": 264
      },
      {
        "type": "Secret Keyword",
        "filename": "tests/test_ai_setup.py",
        "hashed_secret": "c54f9e7c993c2432fcb7b992d4a4663ce4eae83d",
        "is_verified": false,
        "line_number": 311
      },
      {
        "type": "Basic Auth Credentials",
        "filename": "tests/test_ai_setup.py",
        "hashed_secret": "e5e9fa1ba31ecd1ae84f75caaa474f3a663f05f4",
        "is_verified": false,
        "line_number": 448
      },
      {
        "type": "Secret Keyword",
        "filename": "tests/test_ai_setup.py",
        "hashed_secret": "63d185ab613a8f4ba8a3f2669f49e8df82bff53f",
        "is_verified": false,
        "line_number": 481
      },
      {
        "type": "Secret Keyword",
        "filename": "tests/test_ai_setup.py",
        "hashed_secret": "06c3796a342a1f1172aa7a907d3c0a5da02a053a",
        "is_verified": false,
        "line_number": 1097
      },
      {
        "type": "Secret Keyword",
        "filename": "tests/test_ai_setup.py",
        "hashed_secret": "6b1196369d5cd92be55dbdd72ef619957b6e6624",
        "is_verified": false,
        "line_number": 1101
      },
      {
        "type": "Secret Keyword",
        "filename": "tests/test_ai_setup.py",
        "hashed_secret": "9ea9d5acda505555f09a5d2203f7078f1a3b6363",
        "is_verified": false,
        "line_number": 1106
      }
    ],
    "tests/test_ai_source_setup.py": [
      {
        "type": "Secret Keyword",
        "filename": "tests/test_ai_source_setup.py",
        "hashed_secret": "e5e9fa1ba31ecd1ae84f75caaa474f3a663f05f4",
        "is_verified": false,
        "line_number": 159
      }
    ],
    "tests/test_build_runners.py": [
      {
        "type": "Secret Keyword",
        "filename": "tests/test_build_runners.py",
        "hashed_secret": "f3bbbd66a63d4bf1747940578ec3d0103530e21d",
        "is_verified": false,
        "line_number": 753
      }
    ],
    "tests/test_cache_control_injection.py": [
      {
        "type": "Secret Keyword",
        "filename": "tests/test_cache_control_injection.py",
        "hashed_secret": "e9a5f12a8ecbb3eb46eca5096b5c52aa5e7c9fdd",
        "is_verified": false,
        "line_number": 50
      }
    ],
    "tests/test_ci_header_and_state.py": [
      {
        "type": "Hex High Entropy String",
        "filename": "tests/test_ci_header_and_state.py",
        "hashed_secret": "ddac9d88c224b59388ab6552b5531130c71e0264",
        "is_verified": false,
        "line_number": 107
      }
    ],
    "tests/test_circuit_breaker.py": [
      {
        "type": "Secret Keyword",
        "filename": "tests/test_circuit_breaker.py",
        "hashed_secret": "3acfb2c2b433c0ea7ff107e33df91b18e52f960f",
        "is_verified": false,
        "line_number": 112
      }
    ],
    "tests/test_cli_env_hydration.py": [
      {
        "type": "Base64 High Entropy String",
        "filename": "tests/test_cli_env_hydration.py",
        "hashed_secret": "32a0cc03776f5d2d4e238bf2b4ff97fbbd128459",
        "is_verified": false,
        "line_number": 83
      },
      {
        "type": "Base64 High Entropy String",
        "filename": "tests/test_cli_env_hydration.py",
        "hashed_secret": "a3b26a2ff24d59a83ad3f5821860aa5db83940dc",
        "is_verified": false,
        "line_number": 113
      }
    ],
    "tests/test_cli_test_branches.py": [
      {
        "type": "Secret Keyword",
        "filename": "tests/test_cli_test_branches.py",
        "hashed_secret": "e5e9fa1ba31ecd1ae84f75caaa474f3a663f05f4",
        "is_verified": false,
        "line_number": 413
      }
    ],
    "tests/test_command_center_ssrf.py": [
      {
        "type": "Secret Keyword",
        "filename": "tests/test_command_center_ssrf.py",
        "hashed_secret": "c212d24997054583ddd732a7fae6a73c98b07c3a",
        "is_verified": false,
        "line_number": 95
      }
    ],
    "tests/test_config_manager.py": [
      {
        "type": "Secret Keyword",
        "filename": "tests/test_config_manager.py",
        "hashed_secret": "f10317c27ca4d2ef628b2690766ceca20f8668ac",
        "is_verified": false,
        "line_number": 487
      },
      {
        "type": "Secret Keyword",
        "filename": "tests/test_config_manager.py",
        "hashed_secret": "c551770f2a692249ca750beff5d34e7f8d5e9ff3",
        "is_verified": false,
        "line_number": 499
      },
      {
        "type": "Secret Keyword",
        "filename": "tests/test_config_manager.py",
        "hashed_secret": "bcef1ad8e813b5bdd761f898fd1597805fe16d71",
        "is_verified": false,
        "line_number": 516
      }
    ],
    "tests/test_contract_compatibility_matrix.py": [
      {
        "type": "Secret Keyword",
        "filename": "tests/test_contract_compatibility_matrix.py",
        "hashed_secret": "829c3804401b0727f70f73d4415e162400cbe57b",
        "is_verified": false,
        "line_number": 205
      }
    ],
    "tests/test_contract_validation_ext2.py": [
      {
        "type": "Secret Keyword",
        "filename": "tests/test_contract_validation_ext2.py",
        "hashed_secret": "1a91d62f7ca67399625a4368a6ab5d4a3baa6073",
        "is_verified": false,
        "line_number": 574
      }
    ],
    "tests/test_credential_adapters.py": [
      {
        "type": "Secret Keyword",
        "filename": "tests/test_credential_adapters.py",
        "hashed_secret": "df4b3064869cbf1464d032423f56e96978881bd8",
        "is_verified": false,
        "line_number": 46
      },
      {
        "type": "Secret Keyword",
        "filename": "tests/test_credential_adapters.py",
        "hashed_secret": "5896b2d61e35f891c0f3e124896721d3e9459eec",
        "is_verified": false,
        "line_number": 70
      }
    ],
    "tests/test_credential_resolver.py": [
      {
        "type": "Secret Keyword",
        "filename": "tests/test_credential_resolver.py",
        "hashed_secret": "33b58f0ce3d1ebf4b89365b01966009637137e45",
        "is_verified": false,
        "line_number": 98
      },
      {
        "type": "Secret Keyword",
        "filename": "tests/test_credential_resolver.py",
        "hashed_secret": "7103c9c88dbda19e6540fcdc38109e7f45fd6835",
        "is_verified": false,
        "line_number": 110
      }
    ],
    "tests/test_credentials.py": [
      {
        "type": "Secret Keyword",
        "filename": "tests/test_credentials.py",
        "hashed_secret": "c45182ea11447de56072a908d1d8b802722a7a3a",
        "is_verified": false,
        "line_number": 81
      },
      {
        "type": "Secret Keyword",
        "filename": "tests/test_credentials.py",
        "hashed_secret": "1071a0021e6729b40316e706686bba0abbb29dda",
        "is_verified": false,
        "line_number": 87
      },
      {
        "type": "Secret Keyword",
        "filename": "tests/test_credentials.py",
        "hashed_secret": "5cf3944e5c7a6b167c80f342631a22439af8c733",
        "is_verified": false,
        "line_number": 108
      },
      {
        "type": "Secret Keyword",
        "filename": "tests/test_credentials.py",
        "hashed_secret": "94002b3a79b26e340656efc7ecad8c0c39617682",
        "is_verified": false,
        "line_number": 154
      }
    ],
    "tests/test_datamesh_manager.py": [
      {
        "type": "Secret Keyword",
        "filename": "tests/test_datamesh_manager.py",
        "hashed_secret": "61ba747fe2f5b3d513c40550084c6284fbbc1094",
        "is_verified": false,
        "line_number": 157
      }
    ],
    "tests/test_datamesh_manager_publish_spec.py": [
      {
        "type": "Secret Keyword",
        "filename": "tests/test_datamesh_manager_publish_spec.py",
        "hashed_secret": "829c3804401b0727f70f73d4415e162400cbe57b",
        "is_verified": false,
        "line_number": 719
      }
    ],
    "tests/test_doctor_store_backend.py": [
      {
        "type": "Basic Auth Credentials",
        "filename": "tests/test_doctor_store_backend.py",
        "hashed_secret": "a4b48a81cdab1e1a5dd37907d6c85ca1c61ddc7c",
        "is_verified": false,
        "line_number": 118
      }
    ],
    "tests/test_extension_schemas.py": [
      {
        "type": "Secret Keyword",
        "filename": "tests/test_extension_schemas.py",
        "hashed_secret": "a19bb7b22625ab894962144c17aa94fcaa12b043",
        "is_verified": false,
        "line_number": 82
      }
    ],
    "tests/test_forge_branches.py": [
      {
        "type": "Secret Keyword",
        "filename": "tests/test_forge_branches.py",
        "hashed_secret": "a62f2225bf70bfaccbc7f1ef2a397836717377de",
        "is_verified": false,
        "line_number": 481
      }
    ],
    "tests/test_forge_cli_biz_lab_bugs.py": [
      {
        "type": "Secret Keyword",
        "filename": "tests/test_forge_cli_biz_lab_bugs.py",
        "hashed_secret": "829c3804401b0727f70f73d4415e162400cbe57b",
        "is_verified": false,
        "line_number": 160
      }
    ],
    "tests/test_forge_copilot_memory.py": [
      {
        "type": "Secret Keyword",
        "filename": "tests/test_forge_copilot_memory.py",
        "hashed_secret": "a62f2225bf70bfaccbc7f1ef2a397836717377de",
        "is_verified": false,
        "line_number": 316
      }
    ],
    "tests/test_forge_copilot_runtime.py": [
      {
        "type": "Secret Keyword",
        "filename": "tests/test_forge_copilot_runtime.py",
        "hashed_secret": "3fa437025c8f9e1c6f0f5547173acee9c2e22c3a",
        "is_verified": false,
        "line_number": 201
      },
      {
        "type": "Secret Keyword",
        "filename": "tests/test_forge_copilot_runtime.py",
        "hashed_secret": "c734e47630dda71619c696d88381f06f7511bd78",
        "is_verified": false,
        "line_number": 202
      },
      {
        "type": "Secret Keyword",
        "filename": "tests/test_forge_copilot_runtime.py",
        "hashed_secret": "a47110e348a3063541fb1f1f640d635d457181a0",
        "is_verified": false,
        "line_number": 218
      },
      {
        "type": "Secret Keyword",
        "filename": "tests/test_forge_copilot_runtime.py",
        "hashed_secret": "fd9a45bc0b07706d849cf85021ecf9123fa83d82",
        "is_verified": false,
        "line_number": 277
      },
      {
        "type": "Secret Keyword",
        "filename": "tests/test_forge_copilot_runtime.py",
        "hashed_secret": "e9a5f12a8ecbb3eb46eca5096b5c52aa5e7c9fdd",
        "is_verified": false,
        "line_number": 310
      },
      {
        "type": "Secret Keyword",
        "filename": "tests/test_forge_copilot_runtime.py",
        "hashed_secret": "a94a8fe5ccb19ba61c4c0873d391e987982fbbd3",
        "is_verified": false,
        "line_number": 349
      },
      {
        "type": "Secret Keyword",
        "filename": "tests/test_forge_copilot_runtime.py",
        "hashed_secret": "8079944bb2ba4b2d6eb02908a6de57cb57c6f39a",
        "is_verified": false,
        "line_number": 374
      },
      {
        "type": "Secret Keyword",
        "filename": "tests/test_forge_copilot_runtime.py",
        "hashed_secret": "56e1d57b8db262b08bc73c60ed08d8c92e59503f",
        "is_verified": false,
        "line_number": 445
      },
      {
        "type": "Secret Keyword",
        "filename": "tests/test_forge_copilot_runtime.py",
        "hashed_secret": "a62f2225bf70bfaccbc7f1ef2a397836717377de",
        "is_verified": false,
        "line_number": 1048
      },
      {
        "type": "Secret Keyword",
        "filename": "tests/test_forge_copilot_runtime.py",
        "hashed_secret": "63d185ab613a8f4ba8a3f2669f49e8df82bff53f",
        "is_verified": false,
        "line_number": 1186
      }
    ],
    "tests/test_forge_copilot_scenarios.py": [
      {
        "type": "Secret Keyword",
        "filename": "tests/test_forge_copilot_scenarios.py",
        "hashed_secret": "3acfb2c2b433c0ea7ff107e33df91b18e52f960f",
        "is_verified": false,
        "line_number": 192
      }
    ],
    "tests/test_forge_local_provider.py": [
      {
        "type": "Secret Keyword",
        "filename": "tests/test_forge_local_provider.py",
        "hashed_secret": "e5e9fa1ba31ecd1ae84f75caaa474f3a663f05f4",
        "is_verified": false,
        "line_number": 279
      },
      {
        "type": "Secret Keyword",
        "filename": "tests/test_forge_local_provider.py",
        "hashed_secret": "9d4e1e23bd5b727046a9e3b4b7db57bd8d6ee684",
        "is_verified": false,
        "line_number": 300
      }
    ],
    "tests/test_forge_modes_e2e.py": [
      {
        "type": "Secret Keyword",
        "filename": "tests/test_forge_modes_e2e.py",
        "hashed_secret": "e9a5f12a8ecbb3eb46eca5096b5c52aa5e7c9fdd",
        "is_verified": false,
        "line_number": 161
      }
    ],
    "tests/test_forge_modes_ext.py": [
      {
        "type": "Secret Keyword",
        "filename": "tests/test_forge_modes_ext.py",
        "hashed_secret": "dae4772611b2c349a1167c87fb9132ef078c0bce",
        "is_verified": false,
        "line_number": 585
      },
      {
        "type": "Secret Keyword",
        "filename": "tests/test_forge_modes_ext.py",
        "hashed_secret": "9530adb8a6ece14ef88228821a8ef6cd31de4ebf",
        "is_verified": false,
        "line_number": 997
      },
      {
        "type": "Secret Keyword",
        "filename": "tests/test_forge_modes_ext.py",
        "hashed_secret": "3e0af7285dd8926216ae4ee2d04d35f9750cf153",
        "is_verified": false,
        "line_number": 1047
      }
    ],
    "tests/test_litellm_backend.py": [
      {
        "type": "Secret Keyword",
        "filename": "tests/test_litellm_backend.py",
        "hashed_secret": "c52dd8802181a8d0d2fb87b0cdc7b803723eaaaa",
        "is_verified": false,
        "line_number": 163
      },
      {
        "type": "Secret Keyword",
        "filename": "tests/test_litellm_backend.py",
        "hashed_secret": "e9a5f12a8ecbb3eb46eca5096b5c52aa5e7c9fdd",
        "is_verified": false,
        "line_number": 336
      },
      {
        "type": "Secret Keyword",
        "filename": "tests/test_litellm_backend.py",
        "hashed_secret": "a9329abf28aa131139e12add040b3889ea98d12d",
        "is_verified": false,
        "line_number": 566
      }
    ],
    "tests/test_litellm_router.py": [
      {
        "type": "Secret Keyword",
        "filename": "tests/test_litellm_router.py",
        "hashed_secret": "e9a5f12a8ecbb3eb46eca5096b5c52aa5e7c9fdd",
        "is_verified": false,
        "line_number": 275
      }
    ],
    "tests/test_market.py": [
      {
        "type": "Secret Keyword",
        "filename": "tests/test_market.py",
        "hashed_secret": "d033e22ae348aeb5660fc2140aec35850c4da997",
        "is_verified": false,
        "line_number": 596
      },
      {
        "type": "Secret Keyword",
        "filename": "tests/test_market.py",
        "hashed_secret": "9d4e1e23bd5b727046a9e3b4b7db57bd8d6ee684",
        "is_verified": false,
        "line_number": 666
      }
    ],
    "tests/test_market_connectors.py": [
      {
        "type": "Secret Keyword",
        "filename": "tests/test_market_connectors.py",
        "hashed_secret": "9d4e1e23bd5b727046a9e3b4b7db57bd8d6ee684",
        "is_verified": false,
        "line_number": 928
      },
      {
        "type": "Secret Keyword",
        "filename": "tests/test_market_connectors.py",
        "hashed_secret": "d033e22ae348aeb5660fc2140aec35850c4da997",
        "is_verified": false,
        "line_number": 963
      }
    ],
    "tests/test_observability_config.py": [
      {
        "type": "Secret Keyword",
        "filename": "tests/test_observability_config.py",
        "hashed_secret": "ed65c049bb2f78ee4f703b2158ba9cc6ea31fb7e",
        "is_verified": false,
        "line_number": 44
      },
      {
        "type": "Secret Keyword",
        "filename": "tests/test_observability_config.py",
        "hashed_secret": "6f6adbb74345b42924c83aa2f450ce239d45cb26",
        "is_verified": false,
        "line_number": 74
      },
      {
        "type": "Base64 High Entropy String",
        "filename": "tests/test_observability_config.py",
        "hashed_secret": "12e3e6ca7ea0da9dad488f8be45dd7629af7ea6c",
        "is_verified": false,
        "line_number": 96
      },
      {
        "type": "Secret Keyword",
        "filename": "tests/test_observability_config.py",
        "hashed_secret": "12e3e6ca7ea0da9dad488f8be45dd7629af7ea6c",
        "is_verified": false,
        "line_number": 96
      }
    ],
    "tests/test_observability_git.py": [
      {
        "type": "Hex High Entropy String",
        "filename": "tests/test_observability_git.py",
        "hashed_secret": "90bd1b48e958257948487b90bee080ba5ed00caa",
        "is_verified": false,
        "line_number": 77
      }
    ],
    "tests/test_observability_secret_redactor.py": [
      {
        "type": "Base64 High Entropy String",
        "filename": "tests/test_observability_secret_redactor.py",
        "hashed_secret": "675ebcc24442cf0e52f570519d222ee4293e3aba",
        "is_verified": false,
        "line_number": 209
      },
      {
        "type": "Secret Keyword",
        "filename": "tests/test_observability_secret_redactor.py",
        "hashed_secret": "9f0eebb9374c9b37602b8a2d8533283ec4d7165b",
        "is_verified": false,
        "line_number": 209
      },
      {
        "type": "Base64 High Entropy String",
        "filename": "tests/test_observability_secret_redactor.py",
        "hashed_secret": "a94bff2a72682dda478d2c763bbb719dde8deda4",
        "is_verified": false,
        "line_number": 215
      },
      {
        "type": "Base64 High Entropy String",
        "filename": "tests/test_observability_secret_redactor.py",
        "hashed_secret": "43f1674fef522318d813e0d5b061ee50568819b2",
        "is_verified": false,
        "line_number": 230
      },
      {
        "type": "Secret Keyword",
        "filename": "tests/test_observability_secret_redactor.py",
        "hashed_secret": "fc64b21ba679848f055d95f3286770cfa248bf96",
        "is_verified": false,
        "line_number": 230
      },
      {
        "type": "Base64 High Entropy String",
        "filename": "tests/test_observability_secret_redactor.py",
        "hashed_secret": "fb653f6836c4d3abf00b8dd0d976c416aab7f425",
        "is_verified": false,
        "line_number": 271
      },
      {
        "type": "Base64 High Entropy String",
        "filename": "tests/test_observability_secret_redactor.py",
        "hashed_secret": "93e2332e8fa09c3c418d5573a1bd1bd5d8413cba",
        "is_verified": false,
        "line_number": 272
      },
      {
        "type": "Secret Keyword",
        "filename": "tests/test_observability_secret_redactor.py",
        "hashed_secret": "6014c06eb0704c94e4bbbd0ec64eb7ea2dda6600",
        "is_verified": false,
        "line_number": 276
      },
      {
        "type": "Secret Keyword",
        "filename": "tests/test_observability_secret_redactor.py",
        "hashed_secret": "c106f340ec6c5f66bc159a4d7975f7c26b92f0f1",
        "is_verified": false,
        "line_number": 300
      },
      {
        "type": "Private Key",
        "filename": "tests/test_observability_secret_redactor.py",
        "hashed_secret": "be4fc4886bd949b369d5e092eb87494f12e57e5b",
        "is_verified": false,
        "line_number": 317
      },
      {
        "type": "Base64 High Entropy String",
        "filename": "tests/test_observability_secret_redactor.py",
        "hashed_secret": "002a4ce517c7c70c1c4633aa496ebdfd1e7c20d0",
        "is_verified": false,
        "line_number": 319
      },
      {
        "type": "Private Key",
        "filename": "tests/test_observability_secret_redactor.py",
        "hashed_secret": "f0778f3e140a61d5bbbed5430773e52af2f5fba4",
        "is_verified": false,
        "line_number": 342
      },
      {
        "type": "Base64 High Entropy String",
        "filename": "tests/test_observability_secret_redactor.py",
        "hashed_secret": "8b8e2eac91abca31fcf910894b57dd40997b6daf",
        "is_verified": false,
        "line_number": 343
      },
      {
        "type": "JSON Web Token",
        "filename": "tests/test_observability_secret_redactor.py",
        "hashed_secret": "24c3be78884b668a97ebb0a0c2c8b16339af32f7",
        "is_verified": false,
        "line_number": 367
      },
      {
        "type": "Private Key",
        "filename": "tests/test_observability_secret_redactor.py",
        "hashed_secret": "27c6929aef41ae2bcadac15ca6abcaff72cda9cd",
        "is_verified": false,
        "line_number": 448
      },
      {
        "type": "Base64 High Entropy String",
        "filename": "tests/test_observability_secret_redactor.py",
        "hashed_secret": "bd8ba9d36f95e4444c27222e664300608b17cb67",
        "is_verified": false,
        "line_number": 449
      }
    ],
    "tests/test_secrets_branches.py": [
      {
        "type": "Secret Keyword",
        "filename": "tests/test_secrets_branches.py",
        "hashed_secret": "f507797f5db2d3787aa08ec0e80af3776ad51497",
        "is_verified": false,
        "line_number": 98
      },
      {
        "type": "Secret Keyword",
        "filename": "tests/test_secrets_branches.py",
        "hashed_secret": "8fec0c22ec87753e46ac21f7525d74e567868d99",
        "is_verified": false,
        "line_number": 222
      }
    ],
    "tests/test_security.py": [
      {
        "type": "Secret Keyword",
        "filename": "tests/test_security.py",
        "hashed_secret": "83fe78a79d021356f80401b89919b567bb54143a",
        "is_verified": false,
        "line_number": 544
      }
    ],
    "tests/test_self_healing_repair.py": [
      {
        "type": "Secret Keyword",
        "filename": "tests/test_self_healing_repair.py",
        "hashed_secret": "a94a8fe5ccb19ba61c4c0873d391e987982fbbd3",
        "is_verified": false,
        "line_number": 292
      }
    ],
    "tests/test_simple_forge.py": [
      {
        "type": "Secret Keyword",
        "filename": "tests/test_simple_forge.py",
        "hashed_secret": "1a77d416224cbbe77a439cfd6c198030cb522872",
        "is_verified": false,
        "line_number": 113
      }
    ],
    "tests/test_verify_snowflake.py": [
      {
        "type": "Secret Keyword",
        "filename": "tests/test_verify_snowflake.py",
        "hashed_secret": "e5e9fa1ba31ecd1ae84f75caaa474f3a663f05f4",
        "is_verified": false,
        "line_number": 80
      }
    ]
  },
  "generated_at": "2026-06-06T15:27:23Z"
}
